// Jest Snapshot v1, https://goo.gl/fbAQLP

exports[`Presentational > NotFound Renders correctly 1`] = `
<div>
  <Container
    text={true}
  >
    <Header
      as="h2"
    >
      404 Page Not Found!
    </Header>
    <p>
      Oops it looks like you have ventured off-course.
    </p>
  </Container>
</div>
`;
